// Vitest Snapshot v1

exports[`GameCard > snapshots 1`] = `
<div>
  <div
    class="card bg-base-100 shadow-xl image-full rounded-lg w-56 h-56 sm:w-64 sm:h-64 md:w-96 md:h-96"
  >
    <figure>
      <img
        class="w-96 object-fill rounded-lg"
        src="https://assets1.ignimgs.com/2020/02/14/persona-5-royal---button-fin-1581716582492.jpg"
      />
    </figure>
    <div
      class="card-body flex flex-col"
    >
      <h2
        class="card-title"
      >
        Persona 5 Royal
      </h2>
      <span
        class="py-2 px-4 h-8 max-h-10 flex justify-center items-center text-white text-md rounded bg-nintendo"
      >
        Nintendo Switch
      </span>
    </div>
  </div>
</div>
`;
